2026-07-27 21:38:22,312 | INFO | Notebook 06 Started
2026-07-27 21:38:22,356 | INFO | Candidate catalog loaded: 89 candidates
2026-07-27 21:38:22,401 | INFO | Loaded manual labels from D:\MachineLearning\Exoplanet-detection\data\raw\manual_labels.csv: 89 rows
2026-07-27 21:38:24,139 | INFO | Feature matrix: 89 samples x 51 features
2026-07-27 21:38:24,188 | INFO | Merged data: 89 samples, 53 columns
2026-07-27 21:38:24,245 | INFO | Classes: ['0', '1', '2', '3'], num_classes=4
2026-07-27 21:38:24,249 | INFO | Train: 71, Test: 18
2026-07-27 21:38:24,263 | INFO | Features scaled: 50 features
2026-07-27 21:38:25,628 | INFO | Random Forest - Accuracy: 0.6111, F1 (weighted): 0.6177
2026-07-27 21:38:25,951 | INFO | Epoch   1 | Train Loss: 1.3902 (Acc: 25.35%) | Test Loss: 1.4077 (Acc: 27.78%)
2026-07-27 21:38:27,287 | INFO | Epoch  25 | Train Loss: 0.5643 (Acc: 84.51%) | Test Loss: 1.9307 (Acc: 50.00%)
2026-07-27 21:38:28,544 | INFO | Epoch  50 | Train Loss: 0.5030 (Acc: 87.32%) | Test Loss: 2.0679 (Acc: 44.44%)
2026-07-27 21:38:29,611 | INFO | Epoch  75 | Train Loss: 0.3874 (Acc: 90.14%) | Test Loss: 2.2269 (Acc: 44.44%)
2026-07-27 21:38:30,704 | INFO | Epoch 100 | Train Loss: 0.4110 (Acc: 87.32%) | Test Loss: 2.2302 (Acc: 44.44%)
2026-07-27 21:38:31,771 | INFO | Epoch 125 | Train Loss: 0.4560 (Acc: 87.32%) | Test Loss: 2.2449 (Acc: 44.44%)
2026-07-27 21:38:32,888 | INFO | Epoch 150 | Train Loss: 0.4546 (Acc: 84.51%) | Test Loss: 2.2266 (Acc: 44.44%)
2026-07-27 21:38:33,929 | INFO | Epoch 175 | Train Loss: 0.3853 (Acc: 85.92%) | Test Loss: 2.2364 (Acc: 44.44%)
2026-07-27 21:38:35,048 | INFO | Epoch 200 | Train Loss: 0.4635 (Acc: 85.92%) | Test Loss: 2.2165 (Acc: 44.44%)
2026-07-27 21:38:35,054 | INFO | Training complete. Best test accuracy: 55.56%
2026-07-27 21:38:35,142 | INFO | Neural Network - Accuracy: 0.5556, F1 (weighted): 0.5501
2026-07-27 21:38:35,365 | INFO | Reports saved
2026-07-27 21:38:38,424 | INFO | All figures saved
2026-07-27 21:38:38,513 | INFO | All models and artifacts saved
2026-07-27 21:38:38,564 | INFO | Notebook 06 Completed
